node.exe : FAIL ./apiOrchestrationService.test.js
At line:1 char:1
+ & "C:\nvm4w\nodejs/node.exe" "C:\nvm4w\nodejs/node_modules/npm/bin/np ...
+ ~~~~~~~~~~~~~~~~~~~~~~~~~~~~~~~~~~~~~~~~~~~~~~~~~~~~~~~~~~~~~~~~~~~~~
    + CategoryInfo          : NotSpecified: (FAIL ./apiOrchestrationService.test.js:String) [], RemoteException
    + FullyQualifiedErrorId : NativeCommandError
 
  ApiOrchestrationService
    discoverApi
      ΓêÜ should discover API from OpenAPI spec (6 ms)
      ΓêÜ should return basic info if discovery fails (1 ms)
    configureApi
      ├ù should save API configuration (2 ms)
      ΓêÜ should encrypt credentials (8 ms)
    executeRequest
      ΓêÜ should execute request with correct parameters (3 ms)

  ΓùÅ ApiOrchestrationService ΓÇ║ configureApi ΓÇ║ should save API configuration

    TypeError: Cannot read properties of undefined (reading 'writeFile')

    [0m [90m 67 |[39m             expect(saved[33m.[39mid)[33m.[39mtoBeDefined()[33m;[39m
     [90m 68 |[39m             
expect(apiOrchestrationService[33m.[39mconfigs[33m.[39mhas(saved[33m.[39mid))[33m.[39mtoBe([36mtrue[39m)[33m;[39m
    [31m[1m>[22m[39m[90m 69 |[39m             expect(fs[33m.[39mpromises[33m.[39mwriteFile)[33m.[39mtoHaveBeenCalled()[33m;[39m
     [90m    |[39m                                [31m[1m^[22m[39m
     [90m 70 |[39m         })[33m;[39m
     [90m 71 |[39m
     [90m 72 |[39m         it([32m'should encrypt credentials'[39m[33m,[39m [36masync[39m () [33m=>[39m {[0m

      at Object.writeFile (apiOrchestrationService.test.js:69:32)

Test Suites: 1 failed, 1 total
Tests:       1 failed, 4 passed, 5 total
Snapshots:   0 total
Time:        1.315 s, estimated 2 s
Ran all test suites matching /apiOrchestrationService.test.js/i.
